STEP A:
git config --global user.name "Otmanetildi"
git config --global user.email "Otmane18fnqouche@gmail.com"
git config --global core.editor "nano"

git config --global --list
core.editor=nano
user.email=Otmane18fnqouche@gmail.com
user.name=Otmanetildi

STEP B:
git clone https://github.com/Otmanetildi/hmw4_repo.git
Cloning into 'hmw4_repo'...
remote: Enumerating objects: 4, done.
remote: Counting objects: 100% (4/4), done.
remote: Total 4 (delta 0), reused 0 (delta 0), pack-reused 0 (from 0)
Receiving objects: 100% (4/4), done.

Say My Name@mine MINGW64 ~/Desktop
$ ls
'Aurélien Géron - Hands-On Machine Learning with Scikit-Learn, Keras, and TensorFlow_ Concepts, Tools, and Techniques to Build Intelligent Systems-O'\''Reilly Media (2022).pdf'
 ML-For-Beginners/
 MongoDBCompass.lnk*
'Nmap - Zenmap GUI.lnk'*
'Otmane Tildi.pdf'
 Postman.lnk*
'Project Backups'/
 TildiCV.pdf
'Visual Studio Code.lnk'*
'WhatsApp Image 2024-12-25 at 12.11.42_ed9da122.jpg'
 ayvalik/
 desktop.ini
 diabetes.csv
 diabetes.png
 dtdiabetes.ipynb
 hmw4_repo/
 ipl.csv
 jupyter.lnk*
 jupyterr/
 kaggle.docx
'regression ipl data prjct.ipynb'
 s7/
 tree_best_model.png
'~$haimae.pdf'


cd hmw4_repo

Say My Name@mine MINGW64 ~/Desktop/hmw4_repo (main)
$ ls
/hwk4

Say My Name@mine MINGW64 ~/Desktop/hmw4_repo (main)
$ ls -la
total 16
drwxr-xr-x 1 Say My Name 197121 0 Jan  1 17:11 ./
drwxr-xr-x 1 Say My Name 197121 0 Jan  1 17:11 ../
drwxr-xr-x 1 Say My Name 197121 0 Jan  1 17:11 .git/
drwxr-xr-x 1 Say My Name 197121 0 Jan  1 17:11 hwk4/

Say My Name@mine MINGW64 ~/Desktop/hmw4_repo (main)
$ ls -la .git
total 13
drwxr-xr-x 1 Say My Name 197121   0 Jan  1 17:11 ./
drwxr-xr-x 1 Say My Name 197121   0 Jan  1 17:11 ../
-rw-r--r-- 1 Say My Name 197121  21 Jan  1 17:11 HEAD
-rw-r--r-- 1 Say My Name 197121 303 Jan  1 17:11 config
-rw-r--r-- 1 Say My Name 197121  73 Jan  1 17:11 description
drwxr-xr-x 1 Say My Name 197121   0 Jan  1 17:11 hooks/
-rw-r--r-- 1 Say My Name 197121 182 Jan  1 17:11 index
drwxr-xr-x 1 Say My Name 197121   0 Jan  1 17:11 info/
drwxr-xr-x 1 Say My Name 197121   0 Jan  1 17:11 logs/
drwxr-xr-x 1 Say My Name 197121   0 Jan  1 17:11 objects/
-rw-r--r-- 1 Say My Name 197121 112 Jan  1 17:11 packed-refs
drwxr-xr-x 1 Say My Name 197121   0 Jan  1 17:11 refs/

STEP C: 
nano README.md

# Homework 4 – Git and GitHub Practice

This repository is part of a Git workflow assignment.
It demonstrates configuring Git, cloning repositories, inspecting Git internals,
using `.gitignore`, and documenting terminal output for grading purposes.

The repository includes a `hwk4` directory containing a detailed log of commands
and results executed throughout the assignment.

QUESTION (STEP C): Using markdown, how would you put a clickable link to your README.md to the web page of The Department of Software Engineering of Işık University?
[Department of Software Engineering – Işık University](https://www.isikun.edu.tr/akademik/muhendislik-fakultesi/bolumler-ve-programlar/bilgisayar-muhendisligi/programlar/lisans-programi/yazilim-muhendisligi)

STEP D:

nano .gitignore

# Compiled output / build folders
target/
build/
out/

# Java bytecode
*.class

# Logs
*.log

# IDE files
.idea/
.vscode/
*.iml
.classpath
.project
.settings/

# OS files
.DS_Store
Thumbs.db


git status

On branch main
Your branch is up to date with 'origin/main'.

Untracked files:
  (use "git add <file>..." to include in what will be committed)
        .gitignore

nothing added to commit but untracked files present (use "git add" to track)

git add .gitignore

warning: in the working copy of '.gitignore', LF will be replaced by CRLF the next time Git touches it

git commit -m "setting up gitignore"

[main a3851e6] setting up gitignore
 1 file changed, 22 insertions(+)
 create mode 100644 .gitignore

git push

Enumerating objects: 4, done.
Counting objects: 100% (4/4), done.
Delta compression using up to 8 threads
Compressing objects: 100% (3/3), done.
Writing objects: 100% (3/3), 464 bytes | 464.00 KiB/s, done.
Total 3 (delta 0), reused 0 (delta 0), pack-reused 0 (from 0)
remote: This repository moved. Please use the new location:
remote:   https://github.com/otmanetildi/hmw4_repo.git
To https://github.com/Otmanetildi/hmw4_repo.git

STEP E:

git branch feature-1
git switch feature-1

git branch
* feature-1
  main

mkdir hmk1
cd hmk1

pwd
/c/Users/fujitsu lifebook/Desktop/hmw4_repo/hmk1

ls


STEP F:

Say My Name@mine MINGW64 ~/Desktop/hmw4_repo (feature-1)
$  mv "/c/Users/fujitsu lifebook/Desktop/PrintRange.java" hmk1/

Say My Name@mine MINGW64 ~/Desktop/hmw4_repo (feature-1)
$ ls hmk1
PrintRange.java

git status
On branch feature-1
Changes not staged for commit:
  (use "git add <file>..." to update what will be committed)
  (use "git restore <file>..." to discard changes in working directory)
        modified:   hwk4/homework4.txt

Untracked files:
  (use "git add <file>..." to include in what will be committed)
        hmk1/

no changes added to commit (use "git add" and/or "git commit -a")
Say My Name@mine MINGW64 ~/Desktop/hmw4_repo (feature-1)
$ git add hmk1

Say My Name@mine MINGW64 ~/Desktop/hmw4_repo (feature-1)
$ git commit -m "satisfying requirement one"
[feature-1 4ea81e0] satisfying requirement one
 1 file changed, 29 insertions(+)
 create mode 100644 hmk1/PrintRange.java
 git push --set-upstream origin feature-1
Enumerating objects: 5, done.
Counting objects: 100% (5/5), done.
Delta compression using up to 8 threads
Compressing objects: 100% (3/3), done.
Writing objects: 100% (4/4), 655 bytes | 327.00 KiB/s, done.
Total 4 (delta 0), reused 0 (delta 0), pack-reused 0 (from 0)
remote: This repository moved. Please use the new location:
remote:   https://github.com/otmanetildi/hmw4_repo.git
remote:
remote: Create a pull request for 'feature-1' on GitHub by visiting:
remote:      https://github.com/otmanetildi/hmw4_repo/pull/new/feature-1
remote:
To https://github.com/Otmanetildi/hmw4_repo.git
 * [new branch]      feature-1 -> feature-1
branch 'feature-1' set up to track 'origin/feature-1'.

Say My Name@mine MINGW64 ~/Desktop/hmw4_repo (feature-1)
$ git log --oneline
4ea81e0 (HEAD -> feature-1, origin/feature-1) satisfying requirement one
a2dac8c (origin/main, origin/HEAD, main) Complete step D
a3851e6 setting up gitignore
d734ab9 Complete Step C
f7d75a9 Add steps A and B
1a81e83 Create homework4.txt

Say My Name@mine MINGW64 ~/Desktop/hmw4_repo (feature-1)
$ ls hmk1
PrintRange.java

Say My Name@mine MINGW64 ~/Desktop/hmw4_repo (feature-1)
$ git switch main
M       hwk4/homework4.txt
Switched to branch 'main'
Your branch is up to date with 'origin/main'.

Say My Name@mine MINGW64 ~/Desktop/hmw4_repo (main)
$ ls hmk1
ls: cannot access 'hmk1': No such file or directory
